{"level":"info","message":"✅ MongoDB connected with mongoose","timestamp":"2026-07-23T11:58:21.709Z"}
{"level":"info","message":"Server running at 4090","timestamp":"2026-07-23T11:58:21.763Z"}
{"level":"info","message":"Seller Login Successfully!","timestamp":"2026-07-23T11:58:34.129Z"}
{"level":"warn","message":"Login failed: User not found - knarang0909@gmail.com","timestamp":"2026-07-23T11:58:34.605Z"}
{"level":"info","message":"Seller Login Successfully!","timestamp":"2026-07-23T11:59:41.917Z"}
{"level":"info","message":"Seller User Login successful - kiran@gmail.com","timestamp":"2026-07-23T11:59:42.366Z"}
{"level":"error","message":"Failed to create product: Something went wrong with db","timestamp":"2026-07-23T11:59:59.939Z"}
{"level":"info","message":"✅ MongoDB connected with mongoose","timestamp":"2026-07-23T12:00:36.025Z"}
{"level":"info","message":"Server running at 4090","timestamp":"2026-07-23T12:00:36.042Z"}
{"level":"error","message":"Failed to create product: Something went wrong with db","timestamp":"2026-07-23T12:00:39.751Z"}
{"level":"info","message":"✅ MongoDB connected with mongoose","timestamp":"2026-07-23T12:31:47.913Z"}
{"level":"info","message":"Server running at 4090","timestamp":"2026-07-23T12:31:47.936Z"}
{"level":"info","message":"Product created:test","timestamp":"2026-07-23T12:32:11.048Z"}
{"level":"info","message":"✅ MongoDB connected with mongoose","timestamp":"2026-07-23T12:34:16.051Z"}
{"level":"info","message":"Server running at 4090","timestamp":"2026-07-23T12:34:16.069Z"}
{"level":"info","message":"Product created:test","timestamp":"2026-07-23T12:34:27.968Z"}
{"level":"info","message":"✅ MongoDB connected with mongoose","timestamp":"2026-07-23T12:36:07.658Z"}
{"level":"info","message":"Server running at 4090","timestamp":"2026-07-23T12:36:07.676Z"}
{"level":"info","message":"Product created:test","timestamp":"2026-07-23T12:36:19.755Z"}
{"level":"info","message":"✅ MongoDB connected with mongoose","timestamp":"2026-07-23T12:41:22.405Z"}
{"level":"info","message":"Server running at 4090","timestamp":"2026-07-23T12:41:22.423Z"}
{"level":"error","message":"Failed to create product: Something went wrong with db","timestamp":"2026-07-23T12:41:57.127Z"}
{"level":"info","message":"✅ MongoDB connected with mongoose","timestamp":"2026-07-23T12:42:28.820Z"}
{"level":"info","message":"Server running at 4090","timestamp":"2026-07-23T12:42:28.838Z"}
{"level":"error","message":"Failed to create product: Something went wrong with db","timestamp":"2026-07-23T12:42:30.063Z"}
{"level":"info","message":"✅ MongoDB connected with mongoose","timestamp":"2026-07-23T12:43:31.385Z"}
{"level":"info","message":"Server running at 4090","timestamp":"2026-07-23T12:43:31.402Z"}
{"level":"info","message":"Product created:test","timestamp":"2026-07-23T12:43:32.501Z"}
{"level":"info","message":"Product deleted:6a620c74f06bbc60c1cfc9ed","timestamp":"2026-07-23T12:43:45.718Z"}
{"level":"info","message":"Product deleted:6a620c74f06bbc60c1cfc9ed","timestamp":"2026-07-23T12:43:54.362Z"}
{"level":"info","message":"Product deleted:6a620c74f06bbc60c1cfc9ed","timestamp":"2026-07-23T12:43:55.605Z"}
{"level":"info","message":"Product Updates: 6a620c74f06bbc60c1cfc9ed","timestamp":"2026-07-23T12:44:07.365Z"}
{"level":"info","message":"✅ MongoDB connected with mongoose","timestamp":"2026-07-23T12:45:37.261Z"}
{"level":"info","message":"Server running at 4090","timestamp":"2026-07-23T12:45:37.281Z"}
{"level":"info","message":"Product deleted:6a620c74f06bbc60c1cfc9ed","timestamp":"2026-07-23T12:45:40.610Z"}
{"level":"info","message":"Product created:test","timestamp":"2026-07-23T12:46:21.546Z"}
{"level":"info","message":"Product 6a620d1d93b843f99629e584 added to cart by user undefined","timestamp":"2026-07-23T12:46:45.369Z"}
{"level":"info","message":"✅ MongoDB connected with mongoose","timestamp":"2026-07-24T12:54:41.708Z"}
{"level":"info","message":"Server running at 4090","timestamp":"2026-07-24T12:54:41.725Z"}
{"level":"info","message":"Seller Login Successfully!","timestamp":"2026-07-24T12:54:51.017Z"}
{"level":"warn","message":"Login failed: User not found - knarang0909@gmail.com","timestamp":"2026-07-24T12:54:51.477Z"}
{"level":"info","message":"Password reset successfully","timestamp":"2026-07-24T12:55:10.324Z"}
{"level":"info","message":"Seller Login Successfully!","timestamp":"2026-07-24T12:55:14.120Z"}
{"level":"info","message":"Seller User Login successful - knarang0909@gmail.com","timestamp":"2026-07-24T12:55:14.565Z"}
{"level":"info","message":"Product created:test","timestamp":"2026-07-24T12:55:28.553Z"}
{"level":"info","message":"Product deleted:6a6360c02c984e77cd9613aa","timestamp":"2026-07-24T12:58:04.460Z"}
{"level":"info","message":"✅ MongoDB connected with mongoose","timestamp":"2026-07-25T11:02:32.055Z"}
{"level":"info","message":"Server running at 4090","timestamp":"2026-07-25T11:02:32.075Z"}
{"level":"warn","message":"Login failed: User not found - knarang0909@gmail.com","timestamp":"2026-07-25T11:02:39.759Z"}
{"level":"info","message":"Password reset successfully","timestamp":"2026-07-25T11:02:55.671Z"}
{"level":"info","message":"User Login successful - knarang0909@gmail.com","timestamp":"2026-07-25T11:02:59.148Z"}
{"level":"info","message":"Seller Login Successfully!","timestamp":"2026-07-25T11:03:05.033Z"}
{"level":"warn","message":"Login failed: User not found - knarang0909@gmail.com","timestamp":"2026-07-25T11:03:05.481Z"}
{"level":"info","message":"Password reset successfully","timestamp":"2026-07-25T11:03:18.950Z"}
{"level":"info","message":"Seller Login Successfully!","timestamp":"2026-07-25T11:03:21.135Z"}
{"level":"info","message":"Seller User Login successful - knarang0909@gmail.com","timestamp":"2026-07-25T11:03:21.612Z"}
{"level":"info","message":"Product created:test","timestamp":"2026-07-25T11:03:41.224Z"}
{"level":"info","message":"Product 6a64980d62862473d8977268 added to cart by user 6a61a552696314ae84d00092","timestamp":"2026-07-25T11:03:58.655Z"}
{"level":"info","message":"✅ MongoDB connected with mongoose","timestamp":"2026-07-25T11:05:33.198Z"}
{"level":"info","message":"Server running at 4090","timestamp":"2026-07-25T11:05:33.217Z"}
{"level":"info","message":"Product 6a64980d62862473d8977268 added to cart by user 6a61a552696314ae84d00092","timestamp":"2026-07-25T11:05:41.301Z"}
{"level":"info","message":"Product 6a64981ec78e7e235c834546 remove from cart 6a61a552696314ae84d00092","timestamp":"2026-07-25T11:05:58.096Z"}
{"level":"info","message":"Product 6a64980d62862473d8977268 added to cart by user 6a61a552696314ae84d00092","timestamp":"2026-07-25T11:06:03.980Z"}
{"level":"info","message":"✅ MongoDB connected with mongoose","timestamp":"2026-07-25T11:06:43.470Z"}
{"level":"info","message":"Server running at 4090","timestamp":"2026-07-25T11:06:43.487Z"}
{"level":"info","message":"Product 6a64989bc78e7e235c834548 remove from cart 6a61a552696314ae84d00092","timestamp":"2026-07-25T11:06:43.673Z"}
{"level":"info","message":"Product 6a64980d62862473d8977268 added to cart by user 6a61a552696314ae84d00092","timestamp":"2026-07-25T11:06:51.873Z"}
{"level":"info","message":"✅ MongoDB connected with mongoose","timestamp":"2026-07-25T11:07:13.418Z"}
{"level":"info","message":"Server running at 4090","timestamp":"2026-07-25T11:07:13.435Z"}
{"level":"info","message":"Product 6a64980d62862473d8977268 added to cart by user 6a61a552696314ae84d00092","timestamp":"2026-07-25T11:07:16.199Z"}
{"level":"info","message":"✅ MongoDB connected with mongoose","timestamp":"2026-07-25T11:07:35.716Z"}
{"level":"info","message":"Server running at 4090","timestamp":"2026-07-25T11:07:35.733Z"}
{"level":"info","message":"✅ MongoDB connected with mongoose","timestamp":"2026-07-25T11:09:43.598Z"}
{"level":"info","message":"Server running at 4090","timestamp":"2026-07-25T11:09:43.619Z"}
{"level":"info","message":"Product 6a64980d62862473d8977268 added to cart by user 6a61a552696314ae84d00092","timestamp":"2026-07-25T11:09:47.676Z"}
{"level":"info","message":"Product 6a64997bc78e7e235c83454d remove from cart 6a61a552696314ae84d00092","timestamp":"2026-07-25T11:10:17.172Z"}
{"level":"info","message":"✅ MongoDB connected with mongoose","timestamp":"2026-07-25T11:13:54.389Z"}
{"level":"info","message":"Server running at 4090","timestamp":"2026-07-25T11:13:54.412Z"}
{"level":"info","message":"Product 6a64980d62862473d8977268 added to cart by user 6a61a552696314ae84d00092","timestamp":"2026-07-25T11:14:04.344Z"}
{"level":"info","message":"✅ MongoDB connected with mongoose","timestamp":"2026-07-25T11:14:37.373Z"}
{"level":"info","message":"Server running at 4090","timestamp":"2026-07-25T11:14:37.390Z"}
{"level":"info","message":"Product 6a64980d62862473d8977268 added to cart by user 6a61a552696314ae84d00092","timestamp":"2026-07-25T11:14:38.169Z"}
{"level":"info","message":"✅ MongoDB connected with mongoose","timestamp":"2026-07-25T11:15:06.844Z"}
{"level":"info","message":"Server running at 4090","timestamp":"2026-07-25T11:15:06.864Z"}
{"level":"info","message":"Product 6a64980d62862473d8977268 added to cart by user 6a61a552696314ae84d00092","timestamp":"2026-07-25T11:15:08.875Z"}
{"level":"info","message":"✅ MongoDB connected with mongoose","timestamp":"2026-07-25T11:15:32.419Z"}
{"level":"info","message":"Server running at 4090","timestamp":"2026-07-25T11:15:32.440Z"}
{"level":"info","message":"Product 6a64980d62862473d8977268 added to cart by user 6a61a552696314ae84d00092","timestamp":"2026-07-25T11:15:34.265Z"}
{"level":"info","message":"✅ MongoDB connected with mongoose","timestamp":"2026-07-25T11:16:08.499Z"}
{"level":"info","message":"Server running at 4090","timestamp":"2026-07-25T11:16:08.515Z"}
{"level":"info","message":"Product 6a64980d62862473d8977268 added to cart by user 6a61a552696314ae84d00092","timestamp":"2026-07-25T11:16:09.458Z"}
{"level":"info","message":"✅ MongoDB connected with mongoose","timestamp":"2026-07-25T11:16:22.893Z"}
{"level":"info","message":"Server running at 4090","timestamp":"2026-07-25T11:16:22.907Z"}
{"level":"info","message":"Product 6a64980d62862473d8977268 added to cart by user 6a61a552696314ae84d00092","timestamp":"2026-07-25T11:16:26.709Z"}
{"level":"info","message":"✅ MongoDB connected with mongoose","timestamp":"2026-07-25T11:17:19.428Z"}
{"level":"info","message":"Server running at 4090","timestamp":"2026-07-25T11:17:19.444Z"}
{"level":"info","message":"Product 6a64980d62862473d8977268 added to cart by user 6a61a552696314ae84d00092","timestamp":"2026-07-25T11:17:22.851Z"}
{"level":"info","message":"Product 6a64980d62862473d8977268 added to cart by user 6a61a552696314ae84d00092","timestamp":"2026-07-25T11:17:42.896Z"}
{"level":"info","message":"Product 6a649b56c78e7e235c834558 remove from cart 6a61a552696314ae84d00092","timestamp":"2026-07-25T11:17:46.107Z"}
{"level":"info","message":"✅ MongoDB connected with mongoose","timestamp":"2026-07-25T11:18:19.930Z"}
{"level":"info","message":"Server running at 4090","timestamp":"2026-07-25T11:18:19.942Z"}
{"level":"info","message":"Product 6a64980d62862473d8977268 added to cart by user 6a61a552696314ae84d00092","timestamp":"2026-07-25T11:18:29.203Z"}
{"level":"info","message":"✅ MongoDB connected with mongoose","timestamp":"2026-07-25T11:19:29.276Z"}
{"level":"info","message":"Server running at 4090","timestamp":"2026-07-25T11:19:29.292Z"}
{"level":"info","message":"Product 6a649b85c78e7e235c834559 remove from cart 6a61a552696314ae84d00092","timestamp":"2026-07-25T11:19:29.566Z"}
{"level":"info","message":"Product 6a64980d62862473d8977268 added to cart by user 6a61a552696314ae84d00092","timestamp":"2026-07-25T11:19:36.945Z"}
{"level":"info","message":"Product 6a649bc8c78e7e235c83455e remove from cart 6a61a552696314ae84d00092","timestamp":"2026-07-25T11:19:42.138Z"}
{"level":"info","message":"✅ MongoDB connected with mongoose","timestamp":"2026-07-26T06:27:55.523Z"}
{"level":"info","message":"Server running at 4090","timestamp":"2026-07-26T06:27:55.541Z"}
{"level":"info","message":"User Login successful - knarang0909@gmail.com","timestamp":"2026-07-26T06:28:11.136Z"}
{"level":"info","message":"Seller Login Successfully!","timestamp":"2026-07-26T06:29:32.691Z"}
{"level":"info","message":"Seller User Login successful - knarang0909@gmail.com","timestamp":"2026-07-26T06:29:33.229Z"}
{"level":"info","message":"✅ MongoDB connected with mongoose","timestamp":"2026-07-26T06:44:42.554Z"}
{"level":"info","message":"Server running at 4090","timestamp":"2026-07-26T06:44:42.581Z"}
{"level":"info","message":"✅ MongoDB connected with mongoose","timestamp":"2026-07-26T06:48:02.397Z"}
{"level":"info","message":"Server running at 4090","timestamp":"2026-07-26T06:48:02.414Z"}
{"level":"info","message":"✅ MongoDB connected with mongoose","timestamp":"2026-07-26T06:52:47.536Z"}
{"level":"info","message":"Server running at 4090","timestamp":"2026-07-26T06:52:47.551Z"}
{"level":"info","message":"Seller Login Successfully!","timestamp":"2026-07-26T06:52:57.546Z"}
{"level":"info","message":"Seller User Login successful - knarang0909@gmail.com","timestamp":"2026-07-26T06:52:58.082Z"}
{"level":"info","message":"✅ MongoDB connected with mongoose","timestamp":"2026-07-26T06:56:32.032Z"}
{"level":"info","message":"Server running at 4090","timestamp":"2026-07-26T06:56:32.049Z"}
{"level":"info","message":"Product deleted:6a649d9b56db8534e190d6d6","timestamp":"2026-07-26T06:56:41.316Z"}
{"level":"info","message":"User Login successful - knarang0909@gmail.com","timestamp":"2026-07-26T06:57:04.283Z"}
{"level":"info","message":"Product created:test","timestamp":"2026-07-26T06:57:23.060Z"}
{"level":"info","message":"Product 6a65afd38e48e9154e6f46e6 added to cart by user 6a61a552696314ae84d00092","timestamp":"2026-07-26T06:57:33.722Z"}
{"level":"info","message":"Product 6a649cbcc78e7e235c834563 remove from cart 6a61a552696314ae84d00092","timestamp":"2026-07-26T06:58:11.868Z"}
{"level":"info","message":"✅ MongoDB connected with mongoose","timestamp":"2026-07-26T06:59:42.063Z"}
{"level":"info","message":"Server running at 4090","timestamp":"2026-07-26T06:59:42.081Z"}
{"level":"info","message":"✅ MongoDB connected with mongoose","timestamp":"2026-07-27T10:22:04.245Z"}
{"level":"info","message":"Server running at 4090","timestamp":"2026-07-27T10:22:04.268Z"}
{"level":"info","message":"User Login successful - knarang0909@gmail.com","timestamp":"2026-07-27T10:23:28.149Z"}
{"level":"info","message":"Product 6a65afd38e48e9154e6f46e6 added to cart by user 6a61a552696314ae84d00092","timestamp":"2026-07-27T10:25:16.206Z"}
{"level":"info","message":"✅ MongoDB connected with mongoose","timestamp":"2026-07-27T10:26:01.434Z"}
{"level":"info","message":"Server running at 4090","timestamp":"2026-07-27T10:26:01.451Z"}
{"level":"info","message":"✅ MongoDB connected with mongoose","timestamp":"2026-07-27T10:27:19.894Z"}
{"level":"info","message":"Server running at 4090","timestamp":"2026-07-27T10:27:19.917Z"}
{"level":"info","message":"✅ MongoDB connected with mongoose","timestamp":"2026-07-27T10:27:58.674Z"}
{"level":"info","message":"Server running at 4090","timestamp":"2026-07-27T10:27:58.685Z"}
{"level":"info","message":"✅ MongoDB connected with mongoose","timestamp":"2026-07-27T10:28:37.365Z"}
{"level":"info","message":"Server running at 4090","timestamp":"2026-07-27T10:28:37.378Z"}
{"level":"info","message":"✅ MongoDB connected with mongoose","timestamp":"2026-07-27T10:29:06.534Z"}
{"level":"info","message":"Server running at 4090","timestamp":"2026-07-27T10:29:06.552Z"}
{"level":"info","message":"✅ MongoDB connected with mongoose","timestamp":"2026-07-27T10:46:52.763Z"}
{"level":"info","message":"Server running at 4090","timestamp":"2026-07-27T10:46:52.786Z"}
{"level":"info","message":"✅ MongoDB connected with mongoose","timestamp":"2026-07-27T10:48:46.554Z"}
{"level":"info","message":"Server running at 4090","timestamp":"2026-07-27T10:48:46.571Z"}
{"level":"info","message":"✅ MongoDB connected with mongoose","timestamp":"2026-07-27T10:51:08.707Z"}
{"level":"info","message":"Server running at 4090","timestamp":"2026-07-27T10:51:08.722Z"}
{"level":"info","message":"✅ MongoDB connected with mongoose","timestamp":"2026-07-27T10:51:36.502Z"}
{"level":"info","message":"Server running at 4090","timestamp":"2026-07-27T10:51:36.522Z"}
{"level":"info","message":"✅ MongoDB connected with mongoose","timestamp":"2026-07-27T10:51:57.034Z"}
{"level":"info","message":"Server running at 4090","timestamp":"2026-07-27T10:51:57.060Z"}
{"level":"info","message":"✅ MongoDB connected with mongoose","timestamp":"2026-07-27T10:52:23.032Z"}
{"level":"info","message":"Server running at 4090","timestamp":"2026-07-27T10:52:23.044Z"}
{"level":"info","message":"✅ MongoDB connected with mongoose","timestamp":"2026-07-27T10:52:57.798Z"}
{"level":"info","message":"Server running at 4090","timestamp":"2026-07-27T10:52:57.819Z"}
{"level":"info","message":"✅ MongoDB connected with mongoose","timestamp":"2026-07-27T10:53:45.536Z"}
{"level":"info","message":"Server running at 4090","timestamp":"2026-07-27T10:53:45.553Z"}
{"level":"info","message":"✅ MongoDB connected with mongoose","timestamp":"2026-07-27T10:54:16.457Z"}
{"level":"info","message":"Server running at 4090","timestamp":"2026-07-27T10:54:16.476Z"}
{"level":"info","message":"✅ MongoDB connected with mongoose","timestamp":"2026-07-27T10:59:02.697Z"}
{"level":"info","message":"Server running at 4090","timestamp":"2026-07-27T10:59:02.716Z"}
{"level":"info","message":"✅ MongoDB connected with mongoose","timestamp":"2026-07-27T11:00:44.032Z"}
{"level":"info","message":"Server running at 4090","timestamp":"2026-07-27T11:00:44.043Z"}
{"level":"info","message":"✅ MongoDB connected with mongoose","timestamp":"2026-07-27T11:02:41.065Z"}
{"level":"info","message":"Server running at 4090","timestamp":"2026-07-27T11:02:41.083Z"}
{"level":"info","message":"✅ MongoDB connected with mongoose","timestamp":"2026-07-27T11:03:19.976Z"}
{"level":"info","message":"Server running at 4090","timestamp":"2026-07-27T11:03:19.993Z"}
{"level":"info","message":"Order created successfully. Order ID: undefined, Customer ID:6a61a552696314ae84d00092","timestamp":"2026-07-27T11:03:23.507Z"}
{"level":"info","message":"✅ MongoDB connected with mongoose","timestamp":"2026-07-27T11:05:41.089Z"}
{"level":"info","message":"Server running at 4090","timestamp":"2026-07-27T11:05:41.106Z"}
{"level":"info","message":"✅ MongoDB connected with mongoose","timestamp":"2026-07-27T11:17:18.627Z"}
{"level":"info","message":"Server running at 4090","timestamp":"2026-07-27T11:17:18.649Z"}
{"level":"info","message":"Seller Login Successfully!","timestamp":"2026-07-27T11:17:22.512Z"}
{"level":"info","message":"Seller User Login successful - knarang0909@gmail.com","timestamp":"2026-07-27T11:17:22.963Z"}
{"level":"info","message":"Order status updated successfully. Order ID: 6a673afbeb03621cedc42058, New Status: Shipped","timestamp":"2026-07-27T11:17:37.993Z"}
{"level":"info","message":"Order status updated successfully. Order ID: 6a673afbeb03621cedc42058, New Status: Delivered","timestamp":"2026-07-27T11:17:54.291Z"}
{"level":"info","message":"Order status updated successfully. Order ID: 6a673afbeb03621cedc42058, New Status: Cancelled","timestamp":"2026-07-27T11:18:04.686Z"}
{"level":"info","message":"✅ MongoDB connected with mongoose","timestamp":"2026-07-27T11:19:57.227Z"}
{"level":"info","message":"Server running at 4090","timestamp":"2026-07-27T11:19:57.240Z"}
{"level":"info","message":"Product Updates: 6a65afd38e48e9154e6f46e6","timestamp":"2026-07-27T11:20:22.907Z"}
{"level":"info","message":"Product 6a65afd38e48e9154e6f46e6 added to cart by user 6a61a552696314ae84d00092","timestamp":"2026-07-27T11:20:27.575Z"}
{"level":"info","message":"✅ MongoDB connected with mongoose","timestamp":"2026-07-27T11:22:14.500Z"}
{"level":"info","message":"Server running at 4090","timestamp":"2026-07-27T11:22:14.518Z"}
{"level":"info","message":"Product 6a673efb9c98a590e97a0d6f remove from cart 6a61a552696314ae84d00092","timestamp":"2026-07-27T11:22:28.060Z"}
{"level":"info","message":"Product 6a65afd38e48e9154e6f46e6 added to cart by user 6a61a552696314ae84d00092","timestamp":"2026-07-27T11:22:38.800Z"}
{"level":"info","message":"Product 6a673f7e9c98a590e97a0d85 remove from cart 6a61a552696314ae84d00092","timestamp":"2026-07-27T11:24:13.858Z"}
{"level":"info","message":"Product 6a65afd38e48e9154e6f46e6 added to cart by user 6a61a552696314ae84d00092","timestamp":"2026-07-27T11:24:30.361Z"}
{"level":"info","message":"Product 6a673fed9c98a590e97a0d86 remove from cart 6a61a552696314ae84d00092","timestamp":"2026-07-27T11:24:33.560Z"}
